------------------------------------------------------------
Timing Analyzer Summary
------------------------------------------------------------

Type  : Slow 1100mV 85C Model Setup 'clock'
Slack : -4.537
TNS   : -236.302

Type  : Slow 1100mV 85C Model Hold 'clock'
Slack : 0.302
TNS   : 0.000

Type  : Slow 1100mV 85C Model Minimum Pulse Width 'clock'
Slack : -0.724
TNS   : -107.170

Type  : Slow 1100mV 0C Model Setup 'clock'
Slack : -4.987
TNS   : -257.868

Type  : Slow 1100mV 0C Model Hold 'clock'
Slack : 0.295
TNS   : 0.000

Type  : Slow 1100mV 0C Model Minimum Pulse Width 'clock'
Slack : -0.724
TNS   : -108.338

Type  : Fast 1100mV 85C Model Setup 'clock'
Slack : -1.098
TNS   : -35.189

Type  : Fast 1100mV 85C Model Hold 'clock'
Slack : 0.138
TNS   : 0.000

Type  : Fast 1100mV 85C Model Minimum Pulse Width 'clock'
Slack : -0.087
TNS   : -8.085

Type  : Fast 1100mV 0C Model Setup 'clock'
Slack : -1.036
TNS   : -32.098

Type  : Fast 1100mV 0C Model Hold 'clock'
Slack : 0.126
TNS   : 0.000

Type  : Fast 1100mV 0C Model Minimum Pulse Width 'clock'
Slack : -0.087
TNS   : -8.100

------------------------------------------------------------
